xianfengsg/forecaset/warehouse/V2.0/algorithm_model/price.csv
Account_date,sales_qty,price_unit,in_price_unit,7d_ipu_mean,7d_ipu_var_,7d_ipu_trend,7d_ipu_cv,14d_ipu_mean,14d_ipu_var_,14d_ipu_trend,14d_ipu_cv,21d_ipu_mean,21d_ipu_var_,21d_ipu_trend,21d_ipu_cv,back_1day_price_unit,back_3day_price_unit,back_7day_price_unit,7d_p_mean,7d_p_var_,7d_p_trend,7d_p_cv,14d_p_mean,14d_p_var_,14d_p_trend,14d_p_cv,21d_p_mean,21d_p_var_,21d_p_trend,21d_p_cv
2018-11-12,805.5360999999996,1.2806666666666466,0.6666666666666666,0.6666666666666666,0.0,0.4,0.13043478260869565,0.6666666666666666,0.0,0.4,0.13043478260869565,0.6666666666666666,0.0,0.4,0.13043478260869565,0.0,0.0,0.0,1.2636190476190314,0.0002906213151926127,0.5657606866374909,0.12307532730960702,1.2806666666666466,0.0,0.5615317158725481,0.12076322357298153,1.2806666666666466,0.0,0.5615317158725481,0.12076322357298153
2018-11-13,1016.1440000000003,1.2806666666666466,0.6666666666666666,0.6666666666666666,0.0,0.4,0.13043478260869565,0.6666666666666666,0.0,0.4,0.13043478260869565,0.6666666666666666,0.0,0.4,0.13043478260869565,0.0,0.0,0.0,1.2636190476190312,0.0002906213151926203,0.565760686637491,0.12307532730960705,1.2806666666666466,0.0,0.5615317158725481,0.12076322357298153,1.2806666666666466,0.0,0.5615317158725481,0.12076322357298153
2018-11-14,950.0530999999994,1.2806666666666466,0.6666666666666666,0.6666666666666666,0.0,0.4,0.13043478260869565,0.6666666666666666,0.0,0.4,0.13043478260869565,0.6666666666666666,0.0,0.4,0.13043478260869565,0.0,0.0,0.0,1.2636190476190314,0.0002906213151926127,0.5657606866374909,0.12307532730960702,1.2806666666666466,0.0,0.5615317158725481,0.12076322357298153,1.2806666666666466,0.0,0.5615317158725481,0.12076322357298153
2018-11-15,891.9339999999997,1.2806666666666466,0.6666666666666666,0.6666666666666666,0.0,0.4,0.13043478260869565,0.6666666666666666,0.0,0.4,0.13043478260869565,0.6666666666666666,0.0,0.4,0.13043478260869565,0.0,0.0,0.11933333333330665,1.2636190476190312,0.0002906213151926203,0.565760686637491,0.12307532730960705,1.2806666666666466,0.0,0.5615317158725481,0.12076322357298153,1.2806666666666466,0.0,0.5615317158725481,0.12076322357298153
2018-11-16,908.3199999999991,1.2806666666666466,0.6666666666666666,0.6666666666666666,0.0,0.4,0.13043478260869565,0.6666666666666666,0.0,0.4,0.13043478260869565,0.6666666666666666,0.0,0.4,0.13043478260869565,0.0,0.0,0.0,1.2806666666666466,0.0,0.5615317158725481,0.12076322357298153,1.2636190476190312,0.0002906213151926203,0.565760686637491,0.12307532730960705,1.2806666666666466,0.0,0.5615317158725481,0.12076322357298153
2018-11-17,1065.9048999999998,1.2806666666666466,0.6666666666666666,0.6666666666666666,0.0,0.4,0.13043478260869565,0.6666666666666666,0.0,0.4,0.13043478260869565,0.6666666666666666,0.0,0.4,0.13043478260869565,0.0,0.0,0.0,1.2806666666666466,0.0,0.5615317158725481,0.12076322357298153,1.2636190476190312,0.0002906213151926203,0.565760686637491,0.12307532730960705,1.2806666666666466,0.0,0.5615317158725481,0.12076322357298153
2018-11-18,761.7289999999999,1.2806666666666466,0.6666666666666666,0.6666666666666666,0.0,0.4,0.13043478260869565,0.6666666666666666,0.0,0.4,0.13043478260869565,0.6666666666666666,0.0,0.4,0.13043478260869565,0.0,0.0,0.0,1.2806666666666466,0.0,0.5615317158725481,0.12076322357298153,1.2636190476190312,0.0002906213151926203,0.565760686637491,0.12307532730960705,1.2806666666666466,0.0,0.5615317158725481,0.12076322357298153
2018-11-19,838.6079999999993,1.2806666666666466,0.6666666666666666,0.6666666666666666,0.0,0.4,0.13043478260869565,0.6666666666666666,0.0,0.4,0.13043478260869565,0.6666666666666666,0.0,0.4,0.13043478260869565,0.0,0.0,0.0,1.2806666666666466,0.0,0.5615317158725481,0.12076322357298153,1.2636190476190314,0.0002906213151926127,0.5657606866374909,0.12307532730960702,1.2806666666666466,0.0,0.5615317158725481,0.12076322357298153
2018-11-20,826.5719999999999,1.2806666666666466,0.6666666666666666,0.6666666666666666,0.0,0.4,0.13043478260869565,0.6666666666666666,0.0,0.4,0.13043478260869565,0.6666666666666666,0.0,0.4,0.13043478260869565,0.0,0.0,0.0,1.2806666666666466,0.0,0.5615317158725481,0.12076322357298153,1.2636190476190312,0.0002906213151926203,0.565760686637491,0.12307532730960705,1.2806666666666466,0.0,0.5615317158725481,0.12076322357298153
2018-11-21,754.1500000000001,1.2806666666666466,0.6666666666666666,0.6666666666666666,0.0,0.4,0.13043478260869565,0.6666666666666666,0.0,0.4,0.13043478260869565,0.6666666666666666,0.0,0.4,0.13043478260869565,0.0,0.0,0.0,1.2806666666666466,0.0,0.5615317158725481,0.12076322357298153,1.2636190476190314,0.0002906213151926127,0.5657606866374909,0.12307532730960702,1.2806666666666466,0.0,0.5615317158725481,0.12076322357298153
2018-11-22,899.838,1.2806666666666466,0.6666666666666666,0.6666666666666666,0.0,0.4,0.13043478260869565,0.6666666666666666,0.0,0.4,0.13043478260869565,0.6666666666666666,0.0,0.4,0.13043478260869565,0.0,0.0,0.0,1.2806666666666466,0.0,0.5615317158725481,0.12076322357298153,1.2636190476190312,0.0002906213151926203,0.565760686637491,0.12307532730960705,1.2806666666666466,0.0,0.5615317158725481,0.12076322357298153
2018-11-23,976.5759999999996,1.2806666666666466,0.6666666666666666,0.6666666666666666,0.0,0.4,0.13043478260869565,0.6666666666666666,0.0,0.4,0.13043478260869565,0.6666666666666666,0.0,0.4,0.13043478260869565,0.0,0.0,0.0,1.2806666666666466,0.0,0.5615317158725481,0.12076322357298153,1.2806666666666466,0.0,0.5615317158725481,0.12076322357298153,1.2636190476190312,0.0002906213151926203,0.565760686637491,0.12307532730960705
2018-11-24,1102.2717999999993,1.2806666666666466,0.6666666666666666,0.6666666666666666,0.0,0.4,0.13043478260869565,0.6666666666666666,0.0,0.4,0.13043478260869565,0.6666666666666666,0.0,0.4,0.13043478260869565,0.0,0.0,0.0,1.2806666666666466,0.0,0.5615317158725481,0.12076322357298153,1.2806666666666466,0.0,0.5615317158725481,0.12076322357298153,1.2636190476190312,0.0002906213151926203,0.565760686637491,0.12307532730960705
2018-11-25,1035.6759999999995,1.2806666666666466,0.6666666666666666,0.6666666666666666,0.0,0.4,0.13043478260869565,0.6666666666666666,0.0,0.4,0.13043478260869565,0.6666666666666666,0.0,0.4,0.13043478260869565,0.0,0.0,0.0,1.2806666666666466,0.0,0.5615317158725481,0.12076322357298153,1.2806666666666466,0.0,0.5615317158725481,0.12076322357298153,1.2636190476190312,0.0002906213151926203,0.565760686637491,0.12307532730960705
2018-11-26,856.7999999999997,1.2806666666666466,0.6666666666666666,0.6666666666666666,0.0,0.4,0.13043478260869565,0.6666666666666666,0.0,0.4,0.13043478260869565,0.6666666666666666,0.0,0.4,0.13043478260869565,0.0,0.0,0.0,1.2806666666666466,0.0,0.5615317158725481,0.12076322357298153,1.2806666666666466,0.0,0.5615317158725481,0.12076322357298153,1.2636190476190314,0.0002906213151926127,0.5657606866374909,0.12307532730960702
2018-11-27,828.6549999999994,1.2806666666666466,0.6666666666666666,0.6666666666666666,0.0,0.4,0.13043478260869565,0.6666666666666666,0.0,0.4,0.13043478260869565,0.6666666666666666,0.0,0.4,0.13043478260869565,0.0,0.0,0.0,1.2806666666666466,0.0,0.5615317158725481,0.12076322357298153,1.2806666666666466,0.0,0.5615317158725481,0.12076322357298153,1.2636190476190312,0.0002906213151926203,0.565760686637491,0.12307532730960705
2018-11-28,903.0384999999991,1.2806666666666466,0.6666666666666666,0.6666666666666666,0.0,0.4,0.13043478260869565,0.6666666666666666,0.0,0.4,0.13043478260869565,0.6666666666666666,0.0,0.4,0.13043478260869565,0.0,0.0,0.0,1.2806666666666466,0.0,0.5615317158725481,0.12076322357298153,1.2806666666666466,0.0,0.5615317158725481,0.12076322357298153,1.2636190476190314,0.0002906213151926127,0.5657606866374909,0.12307532730960702
2018-11-29,850.7332999999992,1.2806666666666466,0.6666666666666666,0.6666666666666666,0.0,0.4,0.13043478260869565,0.6666666666666666,0.0,0.4,0.13043478260869565,0.6666666666666666,0.0,0.4,0.13043478260869565,0.0,0.0,0.0,1.2806666666666466,0.0,0.5615317158725481,0.12076322357298153,1.2806666666666466,0.0,0.5615317158725481,0.12076322357298153,1.2636190476190312,0.0002906213151926203,0.565760686637491,0.12307532730960705
2018-11-30,1025.7899999999995,1.2806666666666466,0.6666666666666666,0.6666666666666666,0.0,0.4,0.13043478260869565,0.6666666666666666,0.0,0.4,0.13043478260869565,0.6666666666666666,0.0,0.4,0.13043478260869565,0.0,0.0,0.0,1.2806666666666466,0.0,0.5615317158725481,0.12076322357298153,1.2806666666666466,0.0,0.5615317158725481,0.12076322357298153,1.2806666666666466,0.0,0.5615317158725481,0.12076322357298153
2018-12-01,1118.837799999999,1.2806666666666466,0.6666666666666666,0.6666666666666666,0.0,0.4,0.13043478260869565,0.6666666666666666,0.0,0.4,0.13043478260869565,0.6666666666666666,0.0,0.4,0.13043478260869565,0.0,0.0,0.0,1.2806666666666466,0.0,0.5615317158725481,0.12076322357298153,1.2806666666666466,0.0,0.5615317158725481,0.12076322357298153,1.2806666666666466,0.0,0.5615317158725481,0.12076322357298153
2018-12-02,920.8219999999995,1.2806666666666466,0.6666666666666666,0.6666666666666666,0.0,0.4,0.13043478260869565,0.6666666666666666,0.0,0.4,0.13043478260869565,0.6666666666666666,0.0,0.4,0.13043478260869565,0.0,0.0,0.0,1.2806666666666466,0.0,0.5615317158725481,0.12076322357298153,1.2806666666666466,0.0,0.5615317158725481,0.12076322357298153,1.2806666666666466,0.0,0.5615317158725481,0.12076322357298153
2018-12-03,819.5379999999996,1.2806666666666466,0.6666666666666666,0.6666666666666666,0.0,0.4,0.13043478260869565,0.6666666666666666,0.0,0.4,0.13043478260869565,0.6666666666666666,0.0,0.4,0.13043478260869565,0.0,0.0,0.0,1.2806666666666466,0.0,0.5615317158725481,0.12076322357298153,1.2806666666666466,0.0,0.5615317158725481,0.12076322357298153,1.2806666666666466,0.0,0.5615317158725481,0.12076322357298153
2018-12-04,672.364,1.2806666666666466,0.6666666666666666,0.6666666666666666,0.0,0.4,0.13043478260869565,0.6666666666666666,0.0,0.4,0.13043478260869565,0.6666666666666666,0.0,0.4,0.13043478260869565,0.0,0.0,0.0,1.2806666666666466,0.0,0.5615317158725481,0.12076322357298153,1.2806666666666466,0.0,0.5615317158725481,0.12076322357298153,1.2806666666666466,0.0,0.5615317158725481,0.12076322357298153
2018-12-05,874.6010000000001,1.2806666666666466,0.6666666666666666,0.6666666666666666,0.0,0.4,0.13043478260869565,0.6666666666666666,0.0,0.4,0.13043478260869565,0.6666666666666666,0.0,0.4,0.13043478260869565,0.0,0.0,0.0,1.2806666666666466,0.0,0.5615317158725481,0.12076322357298153,1.2806666666666466,0.0,0.5615317158725481,0.12076322357298153,1.2806666666666466,0.0,0.5615317158725481,0.12076322357298153
2018-12-06,660.5564,1.2806666666666466,0.6666666666666666,0.6666666666666666,0.0,0.4,0.13043478260869565,0.6666666666666666,0.0,0.4,0.13043478260869565,0.6666666666666666,0.0,0.4,0.13043478260869565,0.0,0.0,0.0,1.2806666666666466,0.0,0.5615317158725481,0.12076322357298153,1.2806666666666466,0.0,0.5615317158725481,0.12076322357298153,1.2806666666666466,0.0,0.5615317158725481,0.12076322357298153
2018-12-07,677.6580000000005,1.2806666666666466,0.6666666666666666,0.6666666666666666,0.0,0.4,0.13043478260869565,0.6666666666666666,0.0,0.4,0.13043478260869565,0.6666666666666666,0.0,0.4,0.13043478260869565,0.0,0.0,0.0,1.2806666666666466,0.0,0.5615317158725481,0.12076322357298153,1.2806666666666466,0.0,0.5615317158725481,0.12076322357298153,1.2806666666666466,0.0,0.5615317158725481,0.12076322357298153
2018-12-08,708.4988999999996,1.16133333333334,0.6666666666666666,0.6666666666666666,0.0,0.4,0.13043478260869565,0.6666666666666666,0.0,0.4,0.13043478260869565,0.6666666666666666,0.0,0.4,0.13043478260869565,-0.11933333333330665,-0.11933333333330665,-0.11933333333330665,1.2806666666666466,0.0,0.5615317158725481,0.12076322357298153,1.2806666666666466,0.0,0.5615317158725481,0.12076322357298153,1.2806666666666466,0.0,0.5615317158725481,0.12076322357298153
2018-12-09,712.28,1.2806666666666466,0.6666666666666666,0.6666666666666666,0.0,0.4,0.13043478260869565,0.6666666666666666,0.0,0.4,0.13043478260869565,0.6666666666666666,0.0,0.4,0.13043478260869565,0.11933333333330665,0.0,0.0,1.2636190476190312,0.010462367346934056,0.5130427465499898,0.13339018993176957,1.2806666666666466,0.014240444444438075,0.5092078339666839,0.13517430158602076,1.2806666666666466,0.014240444444438075,0.5092078339666839,0.13517430158602076
2018-12-10,534.5839999999998,1.2806666666666466,0.6666666666666666,0.6666666666666666,0.0,0.4,0.13043478260869565,0.6666666666666666,0.0,0.4,0.13043478260869565,0.6666666666666666,0.0,0.4,0.13043478260869565,0.0,0.0,0.0,1.2636190476190312,0.0002906213151926203,0.565760686637491,0.12307532730960705,1.2806666666666466,0.0,0.5615317158725481,0.12076322357298153,1.2806666666666466,0.0,0.5615317158725481,0.12076322357298153
2018-12-11,795.1929000000001,1.2806666666666466,0.6666666666666666,0.6666666666666666,0.0,0.4,0.13043478260869565,0.6666666666666666,0.0,0.4,0.13043478260869565,0.6666666666666666,0.0,0.4,0.13043478260869565,0.0,0.11933333333330665,0.0,1.2636190476190312,0.0002906213151926203,0.565760686637491,0.12307532730960705,1.2806666666666466,0.0,0.5615317158725481,0.12076322357298153,1.2806666666666466,0.0,0.5615317158725481,0.12076322357298153
2018-12-12,1069.7578317626053,1.2806666666666466,0.6666666666666666,0.6666666666666666,0.0,0.4,0.13043478260869565,0.6666666666666666,0.0,0.4,0.13043478260869565,0.6666666666666666,0.0,0.4,0.13043478260869565,0.0,0.0,0.0,1.2636190476190314,0.0002906213151926127,0.5657606866374909,0.12307532730960702,1.2806666666666466,0.0,0.5615317158725481,0.12076322357298153,1.2806666666666466,0.0,0.5615317158725481,0.12076322357298153
2018-12-13,842.5499999999996,1.2806666666666466,0.6666666666666666,0.6666666666666666,0.0,0.4,0.13043478260869565,0.6666666666666666,0.0,0.4,0.13043478260869565,0.6666666666666666,0.0,0.4,0.13043478260869565,0.0,0.0,0.0,1.2636190476190312,0.0002906213151926203,0.565760686637491,0.12307532730960705,1.2806666666666466,0.0,0.5615317158725481,0.12076322357298153,1.2806666666666466,0.0,0.5615317158725481,0.12076322357298153
2018-12-14,880.6233999999996,1.2806666666666466,0.6666666666666666,0.6666666666666666,0.0,0.4,0.13043478260869565,0.6666666666666666,0.0,0.4,0.13043478260869565,0.6666666666666666,0.0,0.4,0.13043478260869565,0.0,0.0,0.0,1.2636190476190314,0.0002906213151926127,0.5657606866374909,0.12307532730960702,1.2806666666666466,0.0,0.5615317158725481,0.12076322357298153,1.2806666666666466,0.0,0.5615317158725481,0.12076322357298153
2018-12-15,852.7819999999994,1.2806666666666466,0.6666666666666666,0.6666666666666666,0.0,0.4,0.13043478260869565,0.6666666666666666,0.0,0.4,0.13043478260869565,0.6666666666666666,0.0,0.4,0.13043478260869565,0.0,0.0,0.11933333333330665,1.2636190476190312,0.0002906213151926203,0.565760686637491,0.12307532730960705,1.2806666666666466,0.0,0.5615317158725481,0.12076322357298153,1.2806666666666466,0.0,0.5615317158725481,0.12076322357298153
2018-12-16,944.0299999999992,1.2806666666666466,0.6666666666666666,0.6666666666666666,0.0,0.4,0.13043478260869565,0.6666666666666666,0.0,0.4,0.13043478260869565,0.6666666666666666,0.0,0.4,0.13043478260869565,0.0,0.0,0.0,1.2806666666666466,0.0,0.5615317158725481,0.12076322357298153,1.2636190476190312,0.0002906213151926203,0.565760686637491,0.12307532730960705,1.2806666666666466,0.0,0.5615317158725481,0.12076322357298153
2018-12-17,733.0614999999995,1.2806666666666466,0.6666666666666666,0.6666666666666666,0.0,0.4,0.13043478260869565,0.6666666666666666,0.0,0.4,0.13043478260869565,0.6666666666666666,0.0,0.4,0.13043478260869565,0.0,0.0,0.0,1.2806666666666466,0.0,0.5615317158725481,0.12076322357298153,1.2636190476190312,0.0002906213151926203,0.565760686637491,0.12307532730960705,1.2806666666666466,0.0,0.5615317158725481,0.12076322357298153
2018-12-18,809.2639999999999,1.2806666666666466,0.6666666666666666,0.6666666666666666,0.0,0.4,0.13043478260869565,0.6666666666666666,0.0,0.4,0.13043478260869565,0.6666666666666666,0.0,0.4,0.13043478260869565,0.0,0.0,0.0,1.2806666666666466,0.0,0.5615317158725481,0.12076322357298153,1.2636190476190312,0.0002906213151926203,0.565760686637491,0.12307532730960705,1.2806666666666466,0.0,0.5615317158725481,0.12076322357298153
2018-12-19,864.7839999999998,1.2806666666666466,0.6666666666666666,0.6666666666666666,0.0,0.4,0.13043478260869565,0.6666666666666666,0.0,0.4,0.13043478260869565,0.6666666666666666,0.0,0.4,0.13043478260869565,0.0,0.0,0.0,1.2806666666666466,0.0,0.5615317158725481,0.12076322357298153,1.2636190476190314,0.0002906213151926127,0.5657606866374909,0.12307532730960702,1.2806666666666466,0.0,0.5615317158725481,0.12076322357298153
2018-12-20,805.06,1.2806666666666466,0.6666666666666666,0.6666666666666666,0.0,0.4,0.13043478260869565,0.6666666666666666,0.0,0.4,0.13043478260869565,0.6666666666666666,0.0,0.4,0.13043478260869565,0.0,0.0,0.0,1.2806666666666466,0.0,0.5615317158725481,0.12076322357298153,1.2636190476190312,0.0002906213151926203,0.565760686637491,0.12307532730960705,1.2806666666666466,0.0,0.5615317158725481,0.12076322357298153
2018-12-21,972.4356999999999,1.2806666666666466,0.6666666666666666,0.6666666666666666,0.0,0.4,0.13043478260869565,0.6666666666666666,0.0,0.4,0.13043478260869565,0.6666666666666666,0.0,0.4,0.13043478260869565,0.0,0.0,0.0,1.2806666666666466,0.0,0.5615317158725481,0.12076322357298153,1.2636190476190314,0.0002906213151926127,0.5657606866374909,0.12307532730960702,1.2806666666666466,0.0,0.5615317158725481,0.12076322357298153
2018-12-22,1066.4919999999993,1.2806666666666466,0.6666666666666666,0.6666666666666666,0.0,0.4,0.13043478260869565,0.6666666666666666,0.0,0.4,0.13043478260869565,0.6666666666666666,0.0,0.4,0.13043478260869565,0.0,0.0,0.0,1.2806666666666466,0.0,0.5615317158725481,0.12076322357298153,1.2636190476190312,0.0002906213151926203,0.565760686637491,0.12307532730960705,1.2806666666666466,0.0,0.5615317158725481,0.12076322357298153
