xianfengsg/forecaset/warehouse/V2.0/algorithm_model/price.csv
Account_date,sales_qty,price_unit,in_price_unit,7d_ipu_mean,7d_ipu_var_,7d_ipu_trend,7d_ipu_cv,14d_ipu_mean,14d_ipu_var_,14d_ipu_trend,14d_ipu_cv,21d_ipu_mean,21d_ipu_var_,21d_ipu_trend,21d_ipu_cv,back_1day_price_unit,back_3day_price_unit,back_7day_price_unit,7d_p_mean,7d_p_var_,7d_p_trend,7d_p_cv,14d_p_mean,14d_p_var_,14d_p_trend,14d_p_cv,21d_p_mean,21d_p_var_,21d_p_trend,21d_p_cv
2018-12-23,984.1900000000002,1.2806666666666466,0.6666666666666666,0.6666666666666666,0.0,0.4,0.13043478260869565,0.6666666666666666,0.0,0.4,0.13043478260869565,0.6666666666666666,0.0,0.4,0.13043478260869565,0.0,0.0,0.0,1.2806666666666466,0.0,0.5615317158725481,0.12076322357298153,1.2806666666666466,0.0,0.5615317158725481,0.12076322357298153,1.2636190476190312,0.0002906213151926203,0.565760686637491,0.12307532730960705
2018-12-24,911.4,1.2806666666666466,0.6666666666666666,0.6666666666666666,0.0,0.4,0.13043478260869565,0.6666666666666666,0.0,0.4,0.13043478260869565,0.6666666666666666,0.0,0.4,0.13043478260869565,0.0,0.0,0.0,1.2806666666666466,0.0,0.5615317158725481,0.12076322357298153,1.2806666666666466,0.0,0.5615317158725481,0.12076322357298153,1.2636190476190312,0.0002906213151926203,0.565760686637491,0.12307532730960705
2018-12-25,899.6500000000005,1.2806666666666466,0.6666666666666666,0.6666666666666666,0.0,0.4,0.13043478260869565,0.6666666666666666,0.0,0.4,0.13043478260869565,0.6666666666666666,0.0,0.4,0.13043478260869565,0.0,0.0,0.0,1.2806666666666466,0.0,0.5615317158725481,0.12076322357298153,1.2806666666666466,0.0,0.5615317158725481,0.12076322357298153,1.2636190476190312,0.0002906213151926203,0.565760686637491,0.12307532730960705
2018-12-26,684.9340000000001,1.2806666666666466,0.6666666666666666,0.6666666666666666,0.0,0.4,0.13043478260869565,0.6666666666666666,0.0,0.4,0.13043478260869565,0.6666666666666666,0.0,0.4,0.13043478260869565,0.0,0.0,0.0,1.2806666666666466,0.0,0.5615317158725481,0.12076322357298153,1.2806666666666466,0.0,0.5615317158725481,0.12076322357298153,1.2636190476190314,0.0002906213151926127,0.5657606866374909,0.12307532730960702
2018-12-27,2369.4999482878,1.2806666666666466,0.6666666666666666,0.6666666666666666,0.0,0.4,0.13043478260869565,0.6666666666666666,0.0,0.4,0.13043478260869565,0.6666666666666666,0.0,0.4,0.13043478260869565,0.0,0.0,0.0,1.2806666666666466,0.0,0.5615317158725481,0.12076322357298153,1.2806666666666466,0.0,0.5615317158725481,0.12076322357298153,1.2636190476190312,0.0002906213151926203,0.565760686637491,0.12307532730960705
2018-12-28,899.5696999999998,1.2806666666666466,0.6666666666666666,0.6666666666666666,0.0,0.4,0.13043478260869565,0.6666666666666666,0.0,0.4,0.13043478260869565,0.6666666666666666,0.0,0.4,0.13043478260869565,0.0,0.0,0.0,1.2806666666666466,0.0,0.5615317158725481,0.12076322357298153,1.2806666666666466,0.0,0.5615317158725481,0.12076322357298153,1.2636190476190314,0.0002906213151926127,0.5657606866374909,0.12307532730960702
2018-12-29,927.8459999999994,1.2806666666666466,0.6666666666666666,0.6666666666666666,0.0,0.4,0.13043478260869565,0.6666666666666666,0.0,0.4,0.13043478260869565,0.6666666666666666,0.0,0.4,0.13043478260869565,0.0,0.0,0.0,1.2806666666666466,0.0,0.5615317158725481,0.12076322357298153,1.2806666666666466,0.0,0.5615317158725481,0.12076322357298153,1.2636190476190312,0.0002906213151926203,0.565760686637491,0.12307532730960705
2018-12-30,856.9760000000002,1.2806666666666466,0.6666666666666666,0.6666666666666666,0.0,0.4,0.13043478260869565,0.6666666666666666,0.0,0.4,0.13043478260869565,0.6666666666666666,0.0,0.4,0.13043478260869565,0.0,0.0,0.0,1.2806666666666466,0.0,0.5615317158725481,0.12076322357298153,1.2806666666666466,0.0,0.5615317158725481,0.12076322357298153,1.2806666666666466,0.0,0.5615317158725481,0.12076322357298153
2018-12-31,931.5959999999999,1.2806666666666466,0.6666666666666666,0.6666666666666666,0.0,0.4,0.13043478260869565,0.6666666666666666,0.0,0.4,0.13043478260869565,0.6666666666666666,0.0,0.4,0.13043478260869565,0.0,0.0,0.0,1.2806666666666466,0.0,0.5615317158725481,0.12076322357298153,1.2806666666666466,0.0,0.5615317158725481,0.12076322357298153,1.2806666666666466,0.0,0.5615317158725481,0.12076322357298153
2019-01-01,857.4200000000005,1.2806666666666466,0.6666666666666666,0.6666666666666666,0.0,0.4,0.13043478260869565,0.6666666666666666,0.0,0.4,0.13043478260869565,0.6666666666666666,0.0,0.4,0.13043478260869565,0.0,0.0,0.0,1.2806666666666466,0.0,0.5615317158725481,0.12076322357298153,1.2806666666666466,0.0,0.5615317158725481,0.12076322357298153,1.2806666666666466,0.0,0.5615317158725481,0.12076322357298153
2019-01-02,610.0447999999998,1.2806666666666466,0.6666666666666666,0.6666666666666666,0.0,0.4,0.13043478260869565,0.6666666666666666,0.0,0.4,0.13043478260869565,0.6666666666666666,0.0,0.4,0.13043478260869565,0.0,0.0,0.0,1.2806666666666466,0.0,0.5615317158725481,0.12076322357298153,1.2806666666666466,0.0,0.5615317158725481,0.12076322357298153,1.2806666666666466,0.0,0.5615317158725481,0.12076322357298153
2019-01-03,793.8740000000004,1.2806666666666466,0.6666666666666666,0.6666666666666666,0.0,0.4,0.13043478260869565,0.6666666666666666,0.0,0.4,0.13043478260869565,0.6666666666666666,0.0,0.4,0.13043478260869565,0.0,0.0,0.0,1.2806666666666466,0.0,0.5615317158725481,0.12076322357298153,1.2806666666666466,0.0,0.5615317158725481,0.12076322357298153,1.2806666666666466,0.0,0.5615317158725481,0.12076322357298153
2019-01-04,723.92,1.2806666666666466,0.6666666666666666,0.6666666666666666,0.0,0.4,0.13043478260869565,0.6666666666666666,0.0,0.4,0.13043478260869565,0.6666666666666666,0.0,0.4,0.13043478260869565,0.0,0.0,0.0,1.2806666666666466,0.0,0.5615317158725481,0.12076322357298153,1.2806666666666466,0.0,0.5615317158725481,0.12076322357298153,1.2806666666666466,0.0,0.5615317158725481,0.12076322357298153
2019-01-05,902.6680000000002,1.2806666666666466,0.6666666666666666,0.6666666666666666,0.0,0.4,0.13043478260869565,0.6666666666666666,0.0,0.4,0.13043478260869565,0.6666666666666666,0.0,0.4,0.13043478260869565,0.0,0.0,0.0,1.2806666666666466,0.0,0.5615317158725481,0.12076322357298153,1.2806666666666466,0.0,0.5615317158725481,0.12076322357298153,1.2806666666666466,0.0,0.5615317158725481,0.12076322357298153
2019-01-06,877.086,1.2806666666666466,0.6666666666666666,0.6666666666666666,0.0,0.4,0.13043478260869565,0.6666666666666666,0.0,0.4,0.13043478260869565,0.6666666666666666,0.0,0.4,0.13043478260869565,0.0,0.0,0.0,1.2806666666666466,0.0,0.5615317158725481,0.12076322357298153,1.2806666666666466,0.0,0.5615317158725481,0.12076322357298153,1.2806666666666466,0.0,0.5615317158725481,0.12076322357298153
2019-01-07,667.5979999999996,1.2806666666666466,0.8,0.6666666666666666,0.0,0.4,0.13043478260869565,0.6666666666666666,0.0,0.4,0.13043478260869565,0.6666666666666666,0.0,0.4,0.13043478260869565,0.0,0.0,0.0,1.2806666666666466,0.0,0.5615317158725481,0.12076322357298153,1.2806666666666466,0.0,0.5615317158725481,0.12076322357298153,1.2806666666666466,0.0,0.5615317158725481,0.12076322357298153
2019-01-08,856.2133999999995,1.16133333333334,0.8,0.6857142857142857,0.013061224489795928,0.4745762711864407,0.1449814126394052,0.6666666666666666,0.0177777777777778,0.4800000000000001,0.14782608695652172,0.6666666666666666,0.0177777777777778,0.4800000000000001,0.14782608695652172,-0.11933333333330665,-0.11933333333330665,-0.11933333333330665,1.2806666666666466,0.0,0.5615317158725481,0.12076322357298153,1.2806666666666466,0.0,0.5615317158725481,0.12076322357298153,1.2806666666666466,0.0,0.5615317158725481,0.12076322357298153
2019-01-09,732.3159999999997,1.2806666666666466,0.8,0.7047619047619048,0.009070294784580497,0.4692737430167598,0.14215080346106304,0.6666666666666666,0.0177777777777778,0.4800000000000001,0.14782608695652172,0.6666666666666666,0.0177777777777778,0.4800000000000001,0.14782608695652172,0.11933333333330665,0.0,0.0,1.2636190476190312,0.010462367346934056,0.5130427465499898,0.13339018993176957,1.2806666666666466,0.014240444444438075,0.5092078339666839,0.13517430158602076,1.2806666666666466,0.014240444444438075,0.5092078339666839,0.13517430158602076
2019-01-10,756.2148999999998,1.2806666666666466,0.8,0.7238095238095239,0.005804988662131512,0.46408839779005523,0.13933415536374846,0.6666666666666666,0.0177777777777778,0.4800000000000001,0.14782608695652172,0.6666666666666666,0.0177777777777778,0.4800000000000001,0.14782608695652172,0.0,0.0,0.0,1.2636190476190312,0.0002906213151926203,0.565760686637491,0.12307532730960705,1.2806666666666466,0.0,0.5615317158725481,0.12076322357298153,1.2806666666666466,0.0,0.5615317158725481,0.12076322357298153
2019-01-11,890.8150999999995,1.2806666666666466,0.8,0.7428571428571429,0.003265306122448982,0.45901639344262296,0.13653136531365315,0.6666666666666666,0.0177777777777778,0.4800000000000001,0.14782608695652172,0.6666666666666666,0.0177777777777778,0.4800000000000001,0.14782608695652172,0.0,0.11933333333330665,0.0,1.2636190476190312,0.0002906213151926203,0.565760686637491,0.12307532730960705,1.2806666666666466,0.0,0.5615317158725481,0.12076322357298153,1.2806666666666466,0.0,0.5615317158725481,0.12076322357298153
2019-01-12,1042.2705000000005,1.2806666666666466,0.8,0.761904761904762,0.001451247165532878,0.4540540540540541,0.13374233128834354,0.6666666666666666,0.0177777777777778,0.4800000000000001,0.14782608695652172,0.6666666666666666,0.0177777777777778,0.4800000000000001,0.14782608695652172,0.0,0.0,0.0,1.2636190476190314,0.0002906213151926127,0.5657606866374909,0.12307532730960702,1.2806666666666466,0.0,0.5615317158725481,0.12076322357298153,1.2806666666666466,0.0,0.5615317158725481,0.12076322357298153
2019-01-13,872.4759999999994,1.2806666666666466,0.8,0.780952380952381,0.0003628117913832216,0.4491978609625669,0.13096695226438188,0.6666666666666666,0.0177777777777778,0.4800000000000001,0.14782608695652172,0.6666666666666666,0.0177777777777778,0.4800000000000001,0.14782608695652172,0.0,0.0,0.0,1.2636190476190312,0.0002906213151926203,0.565760686637491,0.12307532730960705,1.2806666666666466,0.0,0.5615317158725481,0.12076322357298153,1.2806666666666466,0.0,0.5615317158725481,0.12076322357298153
2019-01-14,753.107999999999,1.2806666666666466,0.8,0.7999999999999999,1.232595164407831e-32,0.44444444444444453,0.12820512820512822,0.6666666666666666,0.0177777777777778,0.4800000000000001,0.14782608695652172,0.6666666666666666,0.0177777777777778,0.4800000000000001,0.14782608695652172,0.0,0.0,0.0,1.2636190476190314,0.0002906213151926127,0.5657606866374909,0.12307532730960702,1.2806666666666466,0.0,0.5615317158725481,0.12076322357298153,1.2806666666666466,0.0,0.5615317158725481,0.12076322357298153
2019-01-15,769.4753999999994,1.2806666666666466,0.8,0.7999999999999999,1.232595164407831e-32,0.44444444444444453,0.12820512820512822,0.6857142857142857,0.013061224489795928,0.4745762711864407,0.1449814126394052,0.6666666666666666,0.0177777777777778,0.4800000000000001,0.14782608695652172,0.0,0.0,0.11933333333330665,1.2636190476190312,0.0002906213151926203,0.565760686637491,0.12307532730960705,1.2806666666666466,0.0,0.5615317158725481,0.12076322357298153,1.2806666666666466,0.0,0.5615317158725481,0.12076322357298153
2019-01-16,787.3899999999996,1.2806666666666466,0.8,0.7999999999999999,1.232595164407831e-32,0.44444444444444453,0.12820512820512822,0.7047619047619048,0.009070294784580497,0.4692737430167598,0.14215080346106304,0.6666666666666666,0.0177777777777778,0.4800000000000001,0.14782608695652172,0.0,0.0,0.0,1.2806666666666466,0.0,0.5615317158725481,0.12076322357298153,1.2636190476190312,0.0002906213151926203,0.565760686637491,0.12307532730960705,1.2806666666666466,0.0,0.5615317158725481,0.12076322357298153
2019-01-17,848.1786999999994,1.2806666666666466,0.8,0.7999999999999999,1.232595164407831e-32,0.44444444444444453,0.12820512820512822,0.7238095238095239,0.005804988662131512,0.46408839779005523,0.13933415536374846,0.6666666666666666,0.0177777777777778,0.4800000000000001,0.14782608695652172,0.0,0.0,0.0,1.2806666666666466,0.0,0.5615317158725481,0.12076322357298153,1.2636190476190312,0.0002906213151926203,0.565760686637491,0.12307532730960705,1.2806666666666466,0.0,0.5615317158725481,0.12076322357298153
2019-01-18,861.8866,1.2806666666666466,0.8,0.7999999999999999,1.232595164407831e-32,0.44444444444444453,0.12820512820512822,0.7428571428571429,0.003265306122448982,0.45901639344262296,0.13653136531365315,0.6666666666666666,0.0177777777777778,0.4800000000000001,0.14782608695652172,0.0,0.0,0.0,1.2806666666666466,0.0,0.5615317158725481,0.12076322357298153,1.2636190476190312,0.0002906213151926203,0.565760686637491,0.12307532730960705,1.2806666666666466,0.0,0.5615317158725481,0.12076322357298153
2019-01-19,914.5340000000002,1.2806666666666466,0.8,0.7999999999999999,1.232595164407831e-32,0.44444444444444453,0.12820512820512822,0.761904761904762,0.001451247165532878,0.4540540540540541,0.13374233128834354,0.6666666666666666,0.0177777777777778,0.4800000000000001,0.14782608695652172,0.0,0.0,0.0,1.2806666666666466,0.0,0.5615317158725481,0.12076322357298153,1.2636190476190314,0.0002906213151926127,0.5657606866374909,0.12307532730960702,1.2806666666666466,0.0,0.5615317158725481,0.12076322357298153
2019-01-20,805.5787999999997,1.2806666666666466,0.8,0.7999999999999999,1.232595164407831e-32,0.44444444444444453,0.12820512820512822,0.780952380952381,0.0003628117913832216,0.4491978609625669,0.13096695226438188,0.6666666666666666,0.0177777777777778,0.4800000000000001,0.14782608695652172,0.0,0.0,0.0,1.2806666666666466,0.0,0.5615317158725481,0.12076322357298153,1.2636190476190312,0.0002906213151926203,0.565760686637491,0.12307532730960705,1.2806666666666466,0.0,0.5615317158725481,0.12076322357298153
2019-01-21,753.5179999999997,1.2806666666666466,0.8,0.7999999999999999,1.232595164407831e-32,0.44444444444444453,0.12820512820512822,0.7999999999999999,1.232595164407831e-32,0.44444444444444453,0.12820512820512822,0.6666666666666666,0.0177777777777778,0.4800000000000001,0.14782608695652172,0.0,0.0,0.0,1.2806666666666466,0.0,0.5615317158725481,0.12076322357298153,1.2636190476190314,0.0002906213151926127,0.5657606866374909,0.12307532730960702,1.2806666666666466,0.0,0.5615317158725481,0.12076322357298153
2019-01-22,737.9080000000001,1.2806666666666466,0.8,0.7999999999999999,1.232595164407831e-32,0.44444444444444453,0.12820512820512822,0.7999999999999999,1.232595164407831e-32,0.44444444444444453,0.12820512820512822,0.6857142857142857,0.013061224489795928,0.4745762711864407,0.1449814126394052,0.0,0.0,0.0,1.2806666666666466,0.0,0.5615317158725481,0.12076322357298153,1.2636190476190312,0.0002906213151926203,0.565760686637491,0.12307532730960705,1.2806666666666466,0.0,0.5615317158725481,0.12076322357298153
2019-01-23,761.8036999999996,1.2806666666666466,0.8,0.7999999999999999,1.232595164407831e-32,0.44444444444444453,0.12820512820512822,0.7999999999999999,1.232595164407831e-32,0.44444444444444453,0.12820512820512822,0.7047619047619048,0.009070294784580497,0.4692737430167598,0.14215080346106304,0.0,0.0,0.0,1.2806666666666466,0.0,0.5615317158725481,0.12076322357298153,1.2806666666666466,0.0,0.5615317158725481,0.12076322357298153,1.2636190476190312,0.0002906213151926203,0.565760686637491,0.12307532730960705
2019-01-24,713.9376000000003,1.2806666666666466,0.8,0.7999999999999999,1.232595164407831e-32,0.44444444444444453,0.12820512820512822,0.7999999999999999,1.232595164407831e-32,0.44444444444444453,0.12820512820512822,0.7238095238095239,0.005804988662131512,0.46408839779005523,0.13933415536374846,0.0,0.0,0.0,1.2806666666666466,0.0,0.5615317158725481,0.12076322357298153,1.2806666666666466,0.0,0.5615317158725481,0.12076322357298153,1.2636190476190312,0.0002906213151926203,0.565760686637491,0.12307532730960705
2019-01-25,707.7939999999999,1.2806666666666466,0.8,0.7999999999999999,1.232595164407831e-32,0.44444444444444453,0.12820512820512822,0.7999999999999999,1.232595164407831e-32,0.44444444444444453,0.12820512820512822,0.7428571428571429,0.003265306122448982,0.45901639344262296,0.13653136531365315,0.0,0.0,0.0,1.2806666666666466,0.0,0.5615317158725481,0.12076322357298153,1.2806666666666466,0.0,0.5615317158725481,0.12076322357298153,1.2636190476190312,0.0002906213151926203,0.565760686637491,0.12307532730960705
2019-01-26,751.0290000000003,1.2806666666666466,0.8,0.7999999999999999,1.232595164407831e-32,0.44444444444444453,0.12820512820512822,0.7999999999999999,1.232595164407831e-32,0.44444444444444453,0.12820512820512822,0.761904761904762,0.001451247165532878,0.4540540540540541,0.13374233128834354,0.0,0.0,0.0,1.2806666666666466,0.0,0.5615317158725481,0.12076322357298153,1.2806666666666466,0.0,0.5615317158725481,0.12076322357298153,1.2636190476190314,0.0002906213151926127,0.5657606866374909,0.12307532730960702
2019-01-27,767.378,1.2806666666666466,0.8,0.7999999999999999,1.232595164407831e-32,0.44444444444444453,0.12820512820512822,0.7999999999999999,1.232595164407831e-32,0.44444444444444453,0.12820512820512822,0.780952380952381,0.0003628117913832216,0.4491978609625669,0.13096695226438188,0.0,0.0,0.0,1.2806666666666466,0.0,0.5615317158725481,0.12076322357298153,1.2806666666666466,0.0,0.5615317158725481,0.12076322357298153,1.2636190476190312,0.0002906213151926203,0.565760686637491,0.12307532730960705
2019-01-28,787.2751,1.2806666666666466,0.8,0.7999999999999999,1.232595164407831e-32,0.44444444444444453,0.12820512820512822,0.7999999999999999,1.232595164407831e-32,0.44444444444444453,0.12820512820512822,0.7999999999999999,1.232595164407831e-32,0.44444444444444453,0.12820512820512822,0.0,0.0,0.0,1.2806666666666466,0.0,0.5615317158725481,0.12076322357298153,1.2806666666666466,0.0,0.5615317158725481,0.12076322357298153,1.2636190476190314,0.0002906213151926127,0.5657606866374909,0.12307532730960702
