xianfengsg/forecaset/warehouse/V2.0/algorithm_model/price.csv
Account_date,sales_qty,price_unit,in_price_unit,7d_ipu_mean,7d_ipu_var_,7d_ipu_trend,7d_ipu_cv,14d_ipu_mean,14d_ipu_var_,14d_ipu_trend,14d_ipu_cv,21d_ipu_mean,21d_ipu_var_,21d_ipu_trend,21d_ipu_cv,back_1day_price_unit,back_3day_price_unit,back_7day_price_unit,7d_p_mean,7d_p_var_,7d_p_trend,7d_p_cv,14d_p_mean,14d_p_var_,14d_p_trend,14d_p_cv,21d_p_mean,21d_p_var_,21d_p_trend,21d_p_cv
2019-11-29,779.6343000000013,1.0866666666666334,0.6,0.6,0.0,0.37499999999999994,0.13157894736842105,0.6253968253968256,0.0006449987402368478,0.36914062499999994,0.1344712739383847,0.6952380952380947,0.009070294784580392,0.35393258426966306,0.14232673267326726,0.0,0.0,0.0,1.0866666666666334,0.0,0.5207667731629317,0.12366034624897,1.1236190476190144,0.0013654784580498954,0.511705085657899,0.12764660367183342,1.2198095238094857,0.017727020408161986,0.48953149133344115,0.13785512351114618
2019-11-30,781.5835000000005,1.0866666666666334,0.6,0.6,0.0,0.37499999999999994,0.13157894736842105,0.6190476190476192,0.0003628117913832258,0.3705882352941176,0.13375,0.682539682539682,0.006812799193751489,0.3566037735849058,0.14090909090909085,0.0,0.0,0.0,1.0866666666666334,0.0,0.5207667731629317,0.12366034624897,1.1143809523809192,0.0007680816326530661,0.5139408134768627,0.1266534430347067,1.2067619047618667,0.014422866213150792,0.49242587717404723,0.13648443211753378
2019-12-01,691.3341000000003,1.0866666666666334,0.6,0.6,0.0,0.37499999999999994,0.13157894736842105,0.6126984126984129,0.00016124968505921335,0.37204724409448814,0.13302752293577982,0.6698412698412692,0.004877802973040987,0.3593155893536123,0.13948675496688734,0.0,0.0,0.0,1.0866666666666334,0.0,0.5207667731629317,0.12366034624897,1.105142857142824,0.00034136961451247384,0.5161961635902926,0.12565801842451643,1.1882857142856782,0.0103264308390017,0.4965835400617939,0.13453598055293883
2019-12-02,582.3540000000011,1.0866666666666334,0.6,0.6,0.0,0.37499999999999994,0.13157894736842105,0.6063492063492063,4.031242126480193e-05,0.3735177865612648,0.13230383973288815,0.6571428571428566,0.003265306122448918,0.3620689655172415,0.13805970149253724,0.0,0.0,0.0,1.0866666666666334,0.0,0.5207667731629317,0.12366034624897,1.0959047619047295,8.534240362813487e-05,0.5184713954650714,0.1246603220911225,1.1698095238094888,0.006912734693877262,0.5008120089540373,0.13257871606262348
2019-12-03,635.3219000000009,1.0866666666666334,0.6,0.6,0.0,0.37499999999999994,0.13157894736842105,0.6,0.0,0.37499999999999994,0.13157894736842105,0.6507936507936506,0.0025799949609473234,0.36346153846153845,0.13734439834024895,0.0,0.0,0.0,1.0866666666666334,0.0,0.5207667731629317,0.12366034624897,1.0866666666666334,0.0,0.5207667731629317,0.12366034624897,1.1605714285713944,0.005461913832199417,0.5029533633077594,0.13159676026422096
2019-12-04,589.3737000000004,1.0866666666666334,0.6,0.6,0.0,0.37499999999999994,0.13157894736842105,0.6,0.0,0.37499999999999994,0.13157894736842105,0.6380952380952383,0.0014512471655328948,0.3662790697674418,0.13591022443890277,0.0,0.0,0.0,1.0866666666666334,0.0,0.5207667731629317,0.12366034624897,1.0866666666666334,0.0,0.5207667731629317,0.12366034624897,1.1420952380952047,0.0030723265306122397,0.5072914814156068,0.12962616385158898
2019-12-05,632.4330000000009,1.0866666666666334,0.6,0.6,0.0,0.37499999999999994,0.13157894736842105,0.6,0.0,0.37499999999999994,0.13157894736842105,0.6317460317460319,0.0010078105316200694,0.36770428015564194,0.1351913477537438,0.0,0.0,0.0,1.0866666666666334,0.0,0.5207667731629317,0.12366034624897,1.0866666666666334,0.0,0.5207667731629317,0.12366034624897,1.1328571428571086,0.002133560090702859,0.5094887251618591,0.12863750805082308
2019-12-06,617.2078000000004,1.0866666666666334,0.6,0.6,0.0,0.37499999999999994,0.13157894736842105,0.6,0.0,0.37499999999999994,0.13157894736842105,0.6253968253968256,0.0006449987402368478,0.36914062499999994,0.1344712739383847,0.0,0.0,0.0,1.0866666666666334,0.0,0.5207667731629317,0.12366034624897,1.0866666666666334,0.0,0.5207667731629317,0.12366034624897,1.1236190476190144,0.0013654784580498954,0.511705085657899,0.12764660367183342
2019-12-07,727.4180000000007,1.0866666666666334,0.6,0.6,0.0,0.37499999999999994,0.13157894736842105,0.6,0.0,0.37499999999999994,0.13157894736842105,0.6190476190476192,0.0003628117913832258,0.3705882352941176,0.13375,0.0,0.0,0.0,1.0866666666666334,0.0,0.5207667731629317,0.12366034624897,1.0866666666666334,0.0,0.5207667731629317,0.12366034624897,1.1143809523809192,0.0007680816326530661,0.5139408134768627,0.1266534430347067
2019-12-08,663.866500000001,1.05288888888886,0.6,0.6,0.0,0.37499999999999994,0.13157894736842105,0.6,0.0,0.37499999999999994,0.13157894736842105,0.6126984126984129,0.00016124968505921335,0.37204724409448814,0.13302752293577982,-0.033777777777773466,-0.033777777777773466,-0.033777777777773466,1.0866666666666334,0.0,0.5207667731629317,0.12366034624897,1.0866666666666334,0.0,0.5207667731629317,0.12366034624897,1.105142857142824,0.00034136961451247384,0.5161961635902926,0.12565801842451643
2019-12-09,599.7639000000008,1.0866666666666334,0.6,0.6,0.0,0.37499999999999994,0.13157894736842105,0.6,0.0,0.37499999999999994,0.13157894736842105,0.6063492063492063,4.031242126480193e-05,0.3735177865612648,0.13230383973288815,0.033777777777773466,0.0,0.0,1.081841269841237,0.0008382403628115664,0.5057488791972857,0.12731657880885233,1.0866666666666334,0.001140938271604647,0.5045793397231039,0.12783731794449021,1.0959047619047295,0.0018503653313174202,0.5023553111888581,0.12883252751734178
2019-12-10,607.4589000000009,1.0866666666666334,0.6,0.6,0.0,0.37499999999999994,0.13157894736842105,0.6,0.0,0.37499999999999994,0.13157894736842105,0.6,0.0,0.37499999999999994,0.13157894736842105,0.0,0.0,0.0,1.081841269841237,2.328445452254565e-05,0.5219738326877839,0.12433124621923386,1.0866666666666334,0.0,0.5207667731629317,0.12366034624897,1.0866666666666334,0.0,0.5207667731629317,0.12366034624897
2019-12-11,661.8646000000006,1.0866666666666334,0.6,0.6,0.0,0.37499999999999994,0.13157894736842105,0.6,0.0,0.37499999999999994,0.13157894736842105,0.6,0.0,0.37499999999999994,0.13157894736842105,0.0,0.033777777777773466,0.0,1.081841269841237,2.328445452254565e-05,0.5219738326877839,0.12433124621923386,1.0866666666666334,0.0,0.5207667731629317,0.12366034624897,1.0866666666666334,0.0,0.5207667731629317,0.12366034624897
2019-12-12,1017.8189010550091,1.0866666666666334,0.6,0.6,0.0,0.37499999999999994,0.13157894736842105,0.6,0.0,0.37499999999999994,0.13157894736842105,0.6,0.0,0.37499999999999994,0.13157894736842105,0.0,0.0,0.0,1.081841269841237,2.328445452254565e-05,0.5219738326877839,0.12433124621923386,1.0866666666666334,0.0,0.5207667731629317,0.12366034624897,1.0866666666666334,0.0,0.5207667731629317,0.12366034624897
2019-12-13,758.1660000000006,1.0866666666666334,0.6,0.6,0.0,0.37499999999999994,0.13157894736842105,0.6,0.0,0.37499999999999994,0.13157894736842105,0.6,0.0,0.37499999999999994,0.13157894736842105,0.0,0.0,0.0,1.081841269841237,2.328445452254565e-05,0.5219738326877839,0.12433124621923386,1.0866666666666334,0.0,0.5207667731629317,0.12366034624897,1.0866666666666334,0.0,0.5207667731629317,0.12366034624897
2019-12-14,778.4547000000007,1.0866666666666334,0.6,0.6,0.0,0.37499999999999994,0.13157894736842105,0.6,0.0,0.37499999999999994,0.13157894736842105,0.6,0.0,0.37499999999999994,0.13157894736842105,0.0,0.0,0.0,1.081841269841237,2.328445452254565e-05,0.5219738326877839,0.12433124621923386,1.0866666666666334,0.0,0.5207667731629317,0.12366034624897,1.0866666666666334,0.0,0.5207667731629317,0.12366034624897
2019-12-15,878.8013000000011,1.0866666666666334,0.6,0.6,0.0,0.37499999999999994,0.13157894736842105,0.6,0.0,0.37499999999999994,0.13157894736842105,0.6,0.0,0.37499999999999994,0.13157894736842105,0.0,0.0,0.033777777777773466,1.081841269841237,2.328445452254565e-05,0.5219738326877839,0.12433124621923386,1.0866666666666334,0.0,0.5207667731629317,0.12366034624897,1.0866666666666334,0.0,0.5207667731629317,0.12366034624897
2019-12-16,710.1300000000011,1.0866666666666334,0.6,0.6,0.0,0.37499999999999994,0.13157894736842105,0.6,0.0,0.37499999999999994,0.13157894736842105,0.6,0.0,0.37499999999999994,0.13157894736842105,0.0,0.0,0.0,1.0866666666666334,0.0,0.5207667731629317,0.12366034624897,1.081841269841237,2.328445452254565e-05,0.5219738326877839,0.12433124621923386,1.0866666666666334,0.0,0.5207667731629317,0.12366034624897
2019-12-17,612.7110000000005,1.0866666666666334,0.6,0.6,0.0,0.37499999999999994,0.13157894736842105,0.6,0.0,0.37499999999999994,0.13157894736842105,0.6,0.0,0.37499999999999994,0.13157894736842105,0.0,0.0,0.0,1.0866666666666334,0.0,0.5207667731629317,0.12366034624897,1.081841269841237,2.328445452254565e-05,0.5219738326877839,0.12433124621923386,1.0866666666666334,0.0,0.5207667731629317,0.12366034624897
2019-12-18,607.7635000000008,1.0866666666666334,0.6,0.6,0.0,0.37499999999999994,0.13157894736842105,0.6,0.0,0.37499999999999994,0.13157894736842105,0.6,0.0,0.37499999999999994,0.13157894736842105,0.0,0.0,0.0,1.0866666666666334,0.0,0.5207667731629317,0.12366034624897,1.081841269841237,2.328445452254565e-05,0.5219738326877839,0.12433124621923386,1.0866666666666334,0.0,0.5207667731629317,0.12366034624897
2019-12-19,583.8580000000011,1.0866666666666334,0.6,0.6,0.0,0.37499999999999994,0.13157894736842105,0.6,0.0,0.37499999999999994,0.13157894736842105,0.6,0.0,0.37499999999999994,0.13157894736842105,0.0,0.0,0.0,1.0866666666666334,0.0,0.5207667731629317,0.12366034624897,1.081841269841237,2.328445452254565e-05,0.5219738326877839,0.12433124621923386,1.0866666666666334,0.0,0.5207667731629317,0.12366034624897
2019-12-20,566.867000000001,1.0866666666666334,0.6,0.6,0.0,0.37499999999999994,0.13157894736842105,0.6,0.0,0.37499999999999994,0.13157894736842105,0.6,0.0,0.37499999999999994,0.13157894736842105,0.0,0.0,0.0,1.0866666666666334,0.0,0.5207667731629317,0.12366034624897,1.081841269841237,2.328445452254565e-05,0.5219738326877839,0.12433124621923386,1.0866666666666334,0.0,0.5207667731629317,0.12366034624897
2019-12-21,667.3994000000012,1.0866666666666334,0.6,0.6,0.0,0.37499999999999994,0.13157894736842105,0.6,0.0,0.37499999999999994,0.13157894736842105,0.6,0.0,0.37499999999999994,0.13157894736842105,0.0,0.0,0.0,1.0866666666666334,0.0,0.5207667731629317,0.12366034624897,1.081841269841237,2.328445452254565e-05,0.5219738326877839,0.12433124621923386,1.0866666666666334,0.0,0.5207667731629317,0.12366034624897
2019-12-22,759.4151000000004,1.0866666666666334,0.6,0.6,0.0,0.37499999999999994,0.13157894736842105,0.6,0.0,0.37499999999999994,0.13157894736842105,0.6,0.0,0.37499999999999994,0.13157894736842105,0.0,0.0,0.0,1.0866666666666334,0.0,0.5207667731629317,0.12366034624897,1.081841269841237,2.328445452254565e-05,0.5219738326877839,0.12433124621923386,1.0866666666666334,0.0,0.5207667731629317,0.12366034624897
2019-12-23,559.5380000000011,1.0866666666666334,0.6,0.6,0.0,0.37499999999999994,0.13157894736842105,0.6,0.0,0.37499999999999994,0.13157894736842105,0.6,0.0,0.37499999999999994,0.13157894736842105,0.0,0.0,0.0,1.0866666666666334,0.0,0.5207667731629317,0.12366034624897,1.0866666666666334,0.0,0.5207667731629317,0.12366034624897,1.081841269841237,2.328445452254565e-05,0.5219738326877839,0.12433124621923386
2019-12-24,1083.1150000000005,1.0866666666666334,0.6,0.6,0.0,0.37499999999999994,0.13157894736842105,0.6,0.0,0.37499999999999994,0.13157894736842105,0.6,0.0,0.37499999999999994,0.13157894736842105,0.0,0.0,0.0,1.0866666666666334,0.0,0.5207667731629317,0.12366034624897,1.0866666666666334,0.0,0.5207667731629317,0.12366034624897,1.081841269841237,2.328445452254565e-05,0.5219738326877839,0.12433124621923386
2019-12-25,844.1111000000009,1.0866666666666334,0.6,0.6,0.0,0.37499999999999994,0.13157894736842105,0.6,0.0,0.37499999999999994,0.13157894736842105,0.6,0.0,0.37499999999999994,0.13157894736842105,0.0,0.0,0.0,1.0866666666666334,0.0,0.5207667731629317,0.12366034624897,1.0866666666666334,0.0,0.5207667731629317,0.12366034624897,1.081841269841237,2.328445452254565e-05,0.5219738326877839,0.12433124621923386
2019-12-26,637.2626000000002,1.0866666666666334,0.6,0.6,0.0,0.37499999999999994,0.13157894736842105,0.6,0.0,0.37499999999999994,0.13157894736842105,0.6,0.0,0.37499999999999994,0.13157894736842105,0.0,0.0,0.0,1.0866666666666334,0.0,0.5207667731629317,0.12366034624897,1.0866666666666334,0.0,0.5207667731629317,0.12366034624897,1.081841269841237,2.328445452254565e-05,0.5219738326877839,0.12433124621923386
2019-12-27,745.6778000000011,1.0866666666666334,0.6,0.6,0.0,0.37499999999999994,0.13157894736842105,0.6,0.0,0.37499999999999994,0.13157894736842105,0.6,0.0,0.37499999999999994,0.13157894736842105,0.0,0.0,0.0,1.0866666666666334,0.0,0.5207667731629317,0.12366034624897,1.0866666666666334,0.0,0.5207667731629317,0.12366034624897,1.081841269841237,2.328445452254565e-05,0.5219738326877839,0.12433124621923386
2019-12-28,824.8406000000007,1.0866666666666334,0.6,0.6,0.0,0.37499999999999994,0.13157894736842105,0.6,0.0,0.37499999999999994,0.13157894736842105,0.6,0.0,0.37499999999999994,0.13157894736842105,0.0,0.0,0.0,1.0866666666666334,0.0,0.5207667731629317,0.12366034624897,1.0866666666666334,0.0,0.5207667731629317,0.12366034624897,1.081841269841237,2.328445452254565e-05,0.5219738326877839,0.12433124621923386
2019-12-29,750.9508000000009,1.0866666666666334,0.6,0.6,0.0,0.37499999999999994,0.13157894736842105,0.6,0.0,0.37499999999999994,0.13157894736842105,0.6,0.0,0.37499999999999994,0.13157894736842105,0.0,0.0,0.0,1.0866666666666334,0.0,0.5207667731629317,0.12366034624897,1.0866666666666334,0.0,0.5207667731629317,0.12366034624897,1.081841269841237,2.328445452254565e-05,0.5219738326877839,0.12433124621923386
2019-12-30,535.7460000000005,1.0866666666666334,0.6,0.6,0.0,0.37499999999999994,0.13157894736842105,0.6,0.0,0.37499999999999994,0.13157894736842105,0.6,0.0,0.37499999999999994,0.13157894736842105,0.0,0.0,0.0,1.0866666666666334,0.0,0.5207667731629317,0.12366034624897,1.0866666666666334,0.0,0.5207667731629317,0.12366034624897,1.0866666666666334,0.0,0.5207667731629317,0.12366034624897
2019-12-31,618.0973000000014,1.0866666666666334,0.6,0.6,0.0,0.37499999999999994,0.13157894736842105,0.6,0.0,0.37499999999999994,0.13157894736842105,0.6,0.0,0.37499999999999994,0.13157894736842105,0.0,0.0,0.0,1.0866666666666334,0.0,0.5207667731629317,0.12366034624897,1.0866666666666334,0.0,0.5207667731629317,0.12366034624897,1.0866666666666334,0.0,0.5207667731629317,0.12366034624897
2020-01-01,653.2678000000011,1.0866666666666334,0.6,0.6,0.0,0.37499999999999994,0.13157894736842105,0.6,0.0,0.37499999999999994,0.13157894736842105,0.6,0.0,0.37499999999999994,0.13157894736842105,0.0,0.0,0.0,1.0866666666666334,0.0,0.5207667731629317,0.12366034624897,1.0866666666666334,0.0,0.5207667731629317,0.12366034624897,1.0866666666666334,0.0,0.5207667731629317,0.12366034624897
2020-01-02,459.5660000000006,1.0866666666666334,0.6,0.6,0.0,0.37499999999999994,0.13157894736842105,0.6,0.0,0.37499999999999994,0.13157894736842105,0.6,0.0,0.37499999999999994,0.13157894736842105,0.0,0.0,0.0,1.0866666666666334,0.0,0.5207667731629317,0.12366034624897,1.0866666666666334,0.0,0.5207667731629317,0.12366034624897,1.0866666666666334,0.0,0.5207667731629317,0.12366034624897
2020-01-03,498.17240000000095,1.0866666666666334,0.6,0.6,0.0,0.37499999999999994,0.13157894736842105,0.6,0.0,0.37499999999999994,0.13157894736842105,0.6,0.0,0.37499999999999994,0.13157894736842105,0.0,0.0,0.0,1.0866666666666334,0.0,0.5207667731629317,0.12366034624897,1.0866666666666334,0.0,0.5207667731629317,0.12366034624897,1.0866666666666334,0.0,0.5207667731629317,0.12366034624897
2020-01-04,598.0714000000011,1.0866666666666334,0.6,0.6,0.0,0.37499999999999994,0.13157894736842105,0.6,0.0,0.37499999999999994,0.13157894736842105,0.6,0.0,0.37499999999999994,0.13157894736842105,0.0,0.0,0.0,1.0866666666666334,0.0,0.5207667731629317,0.12366034624897,1.0866666666666334,0.0,0.5207667731629317,0.12366034624897,1.0866666666666334,0.0,0.5207667731629317,0.12366034624897
2020-01-05,578.0927000000007,1.0866666666666334,0.6,0.6,0.0,0.37499999999999994,0.13157894736842105,0.6,0.0,0.37499999999999994,0.13157894736842105,0.6,0.0,0.37499999999999994,0.13157894736842105,0.0,0.0,0.0,1.0866666666666334,0.0,0.5207667731629317,0.12366034624897,1.0866666666666334,0.0,0.5207667731629317,0.12366034624897,1.0866666666666334,0.0,0.5207667731629317,0.12366034624897
2020-01-06,488.8627000000002,1.0866666666666334,0.6,0.6,0.0,0.37499999999999994,0.13157894736842105,0.6,0.0,0.37499999999999994,0.13157894736842105,0.6,0.0,0.37499999999999994,0.13157894736842105,0.0,0.0,0.0,1.0866666666666334,0.0,0.5207667731629317,0.12366034624897,1.0866666666666334,0.0,0.5207667731629317,0.12366034624897,1.0866666666666334,0.0,0.5207667731629317,0.12366034624897
2020-01-07,430.85200000000015,1.0866666666666334,0.6,0.6,0.0,0.37499999999999994,0.13157894736842105,0.6,0.0,0.37499999999999994,0.13157894736842105,0.6,0.0,0.37499999999999994,0.13157894736842105,0.0,0.0,0.0,1.0866666666666334,0.0,0.5207667731629317,0.12366034624897,1.0866666666666334,0.0,0.5207667731629317,0.12366034624897,1.0866666666666334,0.0,0.5207667731629317,0.12366034624897
2020-01-08,573.4688000000006,1.0511111111111,0.6,0.6,0.0,0.37499999999999994,0.13157894736842105,0.6,0.0,0.37499999999999994,0.13157894736842105,0.6,0.0,0.37499999999999994,0.13157894736842105,-0.03555555555553336,-0.03555555555553336,-0.03555555555553336,1.0866666666666334,0.0,0.5207667731629317,0.12366034624897,1.0866666666666334,0.0,0.5207667731629317,0.12366034624897,1.0866666666666334,0.0,0.5207667731629317,0.12366034624897
