xianfengsg/forecaset/warehouse/V2.0/algorithm_model/price.csv
Account_date,sales_qty,price_unit,in_price_unit,7d_ipu_mean,7d_ipu_var_,7d_ipu_trend,7d_ipu_cv,14d_ipu_mean,14d_ipu_var_,14d_ipu_trend,14d_ipu_cv,21d_ipu_mean,21d_ipu_var_,21d_ipu_trend,21d_ipu_cv,back_1day_price_unit,back_3day_price_unit,back_7day_price_unit,7d_p_mean,7d_p_var_,7d_p_trend,7d_p_cv,14d_p_mean,14d_p_var_,14d_p_trend,14d_p_cv,21d_p_mean,21d_p_var_,21d_p_trend,21d_p_cv
2020-02-19,644.566000000001,1.0866666666666334,0.622222222222222,0.6095238095238097,2.5195263290501205e-06,0.3796844181459567,0.13162286191072173,0.6,0.00012345679012346086,0.38194444444444453,0.13304093567251465,0.6,0.00012345679012346086,0.38194444444444453,0.13304093567251465,0.0,0.0,-6.661338147750939e-15,1.0866666666666343,7.888609052210118e-31,0.5207667731629315,0.12366034624897011,1.0866666666666343,7.888609052210118e-31,0.5207667731629315,0.12366034624897011,1.0866666666666334,0.0,0.5207667731629317,0.12366034624897
2020-02-20,685.5546000000005,1.0866666666666334,0.622222222222222,0.6126984126984129,9.0702947845798e-05,0.3858267716535432,0.13261050875729768,0.6,0.0004938271604938187,0.38888888888888873,0.13450292397660818,0.6,0.0004938271604938187,0.38888888888888873,0.13450292397660818,0.0,0.0,0.0,1.0866666666666334,0.0,0.5207667731629317,0.12366034624897,1.0866666666666351,3.1554436208840472e-30,0.5207667731629313,0.12366034624897018,1.0866666666666334,0.0,0.5207667731629317,0.12366034624897
2020-02-21,583.0863000000005,1.0866666666666334,0.622222222222222,0.6142857142857142,6.298815822625125e-05,0.3854473942969517,0.13237440066708359,0.6015873015873016,0.0004257999496094658,0.3885034687809711,0.1342660263102944,0.6,0.0004938271604938187,0.38888888888888873,0.13450292397660818,0.0,0.0,0.0,1.0866666666666334,0.0,0.5207667731629317,0.12366034624897,1.0866666666666351,3.1554436208840472e-30,0.5207667731629313,0.12366034624897018,1.0866666666666334,0.0,0.5207667731629317,0.12366034624897
2020-02-22,712.0825000000006,1.0866666666666334,0.622222222222222,0.6158730158730158,4.031242126480052e-05,0.38506876227897824,0.13213839099624844,0.6031746031746031,0.00036281179138321313,0.38811881188118796,0.13402922755741128,0.6,0.0004938271604938187,0.38888888888888873,0.13450292397660818,0.0,0.0,0.0,1.0866666666666334,0.0,0.5207667731629317,0.12366034624897,1.0866666666666351,3.1554436208840472e-30,0.5207667731629313,0.12366034624897018,1.0866666666666334,0.0,0.5207667731629317,0.12366034624897
2020-02-23,666.3912000000008,1.0866666666666334,0.622222222222222,0.6174603174603174,2.2675736961450028e-05,0.38469087340529917,0.13190247968326735,0.604761904761905,0.00030486268581505295,0.38773491592482673,0.13379252765602162,0.6,0.0004938271604938187,0.38888888888888873,0.13450292397660818,0.0,0.0,0.0,1.0866666666666334,0.0,0.5207667731629317,0.12366034624897,1.0866666666666354,3.993608332681372e-30,0.5207667731629312,0.12366034624897021,1.0866666666666334,0.0,0.5207667731629317,0.12366034624897
2020-02-24,571.3760000000005,1.0866666666666334,0.622222222222222,0.6190476190476188,1.0078105316200482e-05,0.384313725490196,0.13166666666666668,0.6063492063492065,0.00025195263290500147,0.38735177865612636,0.13355592654424034,0.6,0.0004938271604938187,0.38888888888888873,0.13450292397660818,0.0,0.0,0.0,1.0866666666666334,0.0,0.5207667731629317,0.12366034624897,1.0866666666666354,3.993608332681372e-30,0.5207667731629312,0.12366034624897021,1.0866666666666334,0.0,0.5207667731629317,0.12366034624897
2020-02-25,571.7434000000007,1.0866666666666334,0.622222222222222,0.6206349206349204,2.5195263290501205e-06,0.3839373163565131,0.13143095188502396,0.6079365079365081,0.00020408163265305025,0.3869693978282328,0.1333194241602336,0.6,0.0004938271604938187,0.38888888888888873,0.13450292397660818,0.0,0.0,0.0,1.0866666666666334,0.0,0.5207667731629317,0.12366034624897,1.0866666666666354,3.993608332681372e-30,0.5207667731629312,0.12366034624897021,1.0866666666666334,0.0,0.5207667731629317,0.12366034624897
2020-02-26,444.72240000000085,1.0866666666666334,0.622222222222222,0.6222222222222219,1.232595164407831e-32,0.3835616438356164,0.13119533527696794,0.6095238095238097,0.00016124968505919926,0.3865877712031557,0.13308302044221937,0.6,0.0004938271604938187,0.38888888888888873,0.13450292397660818,0.0,0.0,0.0,1.0866666666666334,0.0,0.5207667731629317,0.12366034624897,1.0866666666666343,7.888609052210118e-31,0.5207667731629315,0.12366034624897011,1.0866666666666343,7.888609052210118e-31,0.5207667731629315,0.12366034624897011
2020-02-27,522.1475000000006,1.0866666666666334,0.622222222222222,0.6222222222222219,1.232595164407831e-32,0.3835616438356164,0.13119533527696794,0.6126984126984129,9.0702947845798e-05,0.3858267716535432,0.13261050875729768,0.6,0.0004938271604938187,0.38888888888888873,0.13450292397660818,0.0,0.0,0.0,1.0866666666666334,0.0,0.5207667731629317,0.12366034624897,1.0866666666666334,0.0,0.5207667731629317,0.12366034624897,1.0866666666666351,3.1554436208840472e-30,0.5207667731629313,0.12366034624897018
2020-02-28,477.87590000000046,1.0866666666666334,0.622222222222222,0.6222222222222219,1.232595164407831e-32,0.3835616438356164,0.13119533527696794,0.6142857142857142,6.298815822625125e-05,0.3854473942969517,0.13237440066708359,0.6015873015873016,0.0004257999496094658,0.3885034687809711,0.1342660263102944,0.0,0.0,0.0,1.0866666666666334,0.0,0.5207667731629317,0.12366034624897,1.0866666666666334,0.0,0.5207667731629317,0.12366034624897,1.0866666666666351,3.1554436208840472e-30,0.5207667731629313,0.12366034624897018
2020-02-29,571.7400000000007,1.0866666666666334,0.622222222222222,0.6222222222222219,1.232595164407831e-32,0.3835616438356164,0.13119533527696794,0.6158730158730158,4.031242126480052e-05,0.38506876227897824,0.13213839099624844,0.6031746031746031,0.00036281179138321313,0.38811881188118796,0.13402922755741128,0.0,0.0,0.0,1.0866666666666334,0.0,0.5207667731629317,0.12366034624897,1.0866666666666334,0.0,0.5207667731629317,0.12366034624897,1.0866666666666351,3.1554436208840472e-30,0.5207667731629313,0.12366034624897018
2020-03-01,525.6714000000011,1.0866666666666334,0.622222222222222,0.6222222222222219,1.232595164407831e-32,0.3835616438356164,0.13119533527696794,0.6174603174603174,2.2675736961450028e-05,0.38469087340529917,0.13190247968326735,0.604761904761905,0.00030486268581505295,0.38773491592482673,0.13379252765602162,0.0,0.0,0.0,1.0866666666666334,0.0,0.5207667731629317,0.12366034624897,1.0866666666666334,0.0,0.5207667731629317,0.12366034624897,1.0866666666666354,3.993608332681372e-30,0.5207667731629312,0.12366034624897021
2020-03-02,435.27100000000064,1.0866666666666334,0.622222222222222,0.6222222222222219,1.232595164407831e-32,0.3835616438356164,0.13119533527696794,0.6190476190476188,1.0078105316200482e-05,0.384313725490196,0.13166666666666668,0.6063492063492065,0.00025195263290500147,0.38735177865612636,0.13355592654424034,0.0,0.0,0.0,1.0866666666666334,0.0,0.5207667731629317,0.12366034624897,1.0866666666666334,0.0,0.5207667731629317,0.12366034624897,1.0866666666666354,3.993608332681372e-30,0.5207667731629312,0.12366034624897021
2020-03-03,364.5370000000001,1.0866666666666334,0.622222222222222,0.6222222222222219,1.232595164407831e-32,0.3835616438356164,0.13119533527696794,0.6206349206349204,2.5195263290501205e-06,0.3839373163565131,0.13143095188502396,0.6079365079365081,0.00020408163265305025,0.3869693978282328,0.1333194241602336,0.0,0.0,0.0,1.0866666666666334,0.0,0.5207667731629317,0.12366034624897,1.0866666666666334,0.0,0.5207667731629317,0.12366034624897,1.0866666666666354,3.993608332681372e-30,0.5207667731629312,0.12366034624897021
2020-03-04,454.21200000000044,1.0866666666666334,0.6333333333333333,0.6222222222222219,1.232595164407831e-32,0.3835616438356164,0.13119533527696794,0.6222222222222219,1.232595164407831e-32,0.3835616438356164,0.13119533527696794,0.6095238095238097,0.00016124968505919926,0.3865877712031557,0.13308302044221937,0.0,0.0,0.0,1.0866666666666334,0.0,0.5207667731629317,0.12366034624897,1.0866666666666334,0.0,0.5207667731629317,0.12366034624897,1.0866666666666343,7.888609052210118e-31,0.5207667731629315,0.12366034624897011
2020-03-05,475.6837000000003,1.0866666666666334,0.6333333333333333,0.6238095238095235,9.070294784581068e-05,0.3900293255131966,0.13241723922548412,0.6222222222222219,0.00012345679012346333,0.39041095890410965,0.13265306122448986,0.6126984126984129,0.0004257999496094658,0.39271653543307083,0.13407005838198496,0.0,0.0,0.0,1.0866666666666334,0.0,0.5207667731629317,0.12366034624897,1.0866666666666334,0.0,0.5207667731629317,0.12366034624897,1.0866666666666334,0.0,0.5207667731629317,0.12366034624897
2020-03-06,418.7840000000002,1.0866666666666334,0.6333333333333333,0.6253968253968252,6.298815822625655e-05,0.38964843750000006,0.13218151540383016,0.6222222222222219,0.00012345679012346333,0.39041095890410965,0.13265306122448986,0.6142857142857142,0.0003628117913832216,0.39233038348082594,0.133833646028768,0.0,0.0,0.0,1.0866666666666334,0.0,0.5207667731629317,0.12366034624897,1.0866666666666334,0.0,0.5207667731629317,0.12366034624897,1.0866666666666334,0.0,0.5207667731629317,0.12366034624897
2020-03-07,639.4230000000008,1.0866666666666334,0.6333333333333333,0.6269841269841268,4.031242126480475e-05,0.38926829268292684,0.13194588969823104,0.6222222222222219,0.00012345679012346333,0.39041095890410965,0.13265306122448986,0.6158730158730158,0.00030486268581506845,0.3919449901768173,0.13359733222175907,0.0,0.0,0.0,1.0866666666666334,0.0,0.5207667731629317,0.12366034624897,1.0866666666666334,0.0,0.5207667731629317,0.12366034624897,1.0866666666666334,0.0,0.5207667731629317,0.12366034624897
2020-03-08,605.217200000001,1.0533333333333,0.6333333333333333,0.6285714285714283,2.26757369614532e-05,0.38888888888888895,0.13171036204744074,0.6222222222222219,0.00012345679012346333,0.39041095890410965,0.13265306122448986,0.6174603174603174,0.0002519526329050156,0.3915603532875368,0.13336111689935404,-0.03333333333333344,-0.03333333333333344,-0.03333333333333344,1.0866666666666334,0.0,0.5207667731629317,0.12366034624897,1.0866666666666334,0.0,0.5207667731629317,0.12366034624897,1.0866666666666334,0.0,0.5207667731629317,0.12366034624897
2020-03-09,344.8780000000004,1.0866666666666334,0.6333333333333333,0.63015873015873,1.0078105316201187e-05,0.3885102239532619,0.1314749323902642,0.6222222222222219,0.00012345679012346333,0.39041095890410965,0.13265306122448986,0.6190476190476188,0.0002040816326530661,0.39117647058823535,0.13312500000000002,0.03333333333333344,0.0,0.0,1.0819047619047284,0.0008163265306122391,0.5059469350411632,0.1272684421399958,1.0866666666666334,0.001111111111111118,0.5047923322683627,0.12778235779060235,1.0866666666666334,0.001111111111111118,0.5047923322683627,0.12778235779060235
2020-03-10,374.2799999999999,1.0866666666666334,0.6333333333333333,0.6317460317460316,2.5195263290504733e-06,0.38813229571984437,0.1312396006655574,0.6222222222222219,0.00012345679012346333,0.39041095890410965,0.13265306122448986,0.6206349206349204,0.00016124968505921335,0.39079333986287956,0.1328889814621954,0.0,0.0,0.0,1.0819047619047284,2.26757369614532e-05,0.5219579139981626,0.1243224133867552,1.0866666666666334,0.0,0.5207667731629317,0.12366034624897,1.0866666666666334,0.0,0.5207667731629317,0.12366034624897
2020-03-11,374.2799999999999,1.0866666666666334,0.6333333333333333,0.6317460317460316,2.5195263290504733e-06,0.38813229571984437,0.1312396006655574,0.6222222222222219,0.00012345679012346333,0.39041095890410965,0.13265306122448986,0.6206349206349204,0.00016124968505921335,0.39079333986287956,0.1328889814621954,0.0,0.0,0.0,1.0819047619047284,2.26757369614532e-05,0.5219579139981626,0.1243224133867552,1.0866666666666334,0.0,0.5207667731629317,0.12366034624897,1.0866666666666334,0.0,0.5207667731629317,0.12366034624897
2020-03-12,374.2799999999999,1.0866666666666334,0.6333333333333333,0.6317460317460316,2.5195263290504733e-06,0.38813229571984437,0.1312396006655574,0.6222222222222219,0.00012345679012346333,0.39041095890410965,0.13265306122448986,0.6206349206349204,0.00016124968505921335,0.39079333986287956,0.1328889814621954,0.0,0.0,0.0,1.0819047619047284,2.26757369614532e-05,0.5219579139981626,0.1243224133867552,1.0866666666666334,0.0,0.5207667731629317,0.12366034624897,1.0866666666666334,0.0,0.5207667731629317,0.12366034624897
2020-03-13,374.2799999999999,1.0866666666666334,0.6333333333333333,0.6317460317460316,2.5195263290504733e-06,0.38813229571984437,0.1312396006655574,0.6222222222222219,0.00012345679012346333,0.39041095890410965,0.13265306122448986,0.6206349206349204,0.00016124968505921335,0.39079333986287956,0.1328889814621954,0.0,0.0,0.0,1.0819047619047284,2.26757369614532e-05,0.5219579139981626,0.1243224133867552,1.0866666666666334,0.0,0.5207667731629317,0.12366034624897,1.0866666666666334,0.0,0.5207667731629317,0.12366034624897
2020-03-14,374.2799999999999,1.0866666666666334,0.6333333333333333,0.6317460317460316,2.5195263290504733e-06,0.38813229571984437,0.1312396006655574,0.6222222222222219,0.00012345679012346333,0.39041095890410965,0.13265306122448986,0.6206349206349204,0.00016124968505921335,0.39079333986287956,0.1328889814621954,0.0,0.0,0.0,1.0819047619047284,2.26757369614532e-05,0.5219579139981626,0.1243224133867552,1.0866666666666334,0.0,0.5207667731629317,0.12366034624897,1.0866666666666334,0.0,0.5207667731629317,0.12366034624897
2020-03-15,374.2799999999999,1.0866666666666334,0.6333333333333333,0.6317460317460316,2.5195263290504733e-06,0.38813229571984437,0.1312396006655574,0.6222222222222219,0.00012345679012346333,0.39041095890410965,0.13265306122448986,0.6206349206349204,0.00016124968505921335,0.39079333986287956,0.1328889814621954,0.0,0.0,0.0,1.0819047619047284,2.26757369614532e-05,0.5219579139981626,0.1243224133867552,1.0866666666666334,0.0,0.5207667731629317,0.12366034624897,1.0866666666666334,0.0,0.5207667731629317,0.12366034624897
2020-03-16,374.2799999999999,1.0866666666666334,0.6333333333333333,0.6317460317460316,2.5195263290504733e-06,0.38813229571984437,0.1312396006655574,0.6222222222222219,0.00012345679012346333,0.39041095890410965,0.13265306122448986,0.6206349206349204,0.00016124968505921335,0.39079333986287956,0.1328889814621954,0.0,0.0,0.0,1.0819047619047284,2.26757369614532e-05,0.5219579139981626,0.1243224133867552,1.0866666666666334,0.0,0.5207667731629317,0.12366034624897,1.0866666666666334,0.0,0.5207667731629317,0.12366034624897
2020-03-17,374.2799999999999,1.0866666666666334,0.6333333333333333,0.6317460317460316,2.5195263290504733e-06,0.38813229571984437,0.1312396006655574,0.6222222222222219,0.00012345679012346333,0.39041095890410965,0.13265306122448986,0.6206349206349204,0.00016124968505921335,0.39079333986287956,0.1328889814621954,0.0,0.0,0.0,1.0819047619047284,2.26757369614532e-05,0.5219579139981626,0.1243224133867552,1.0866666666666334,0.0,0.5207667731629317,0.12366034624897,1.0866666666666334,0.0,0.5207667731629317,0.12366034624897
